// Jest Snapshot v1, https://goo.gl/fbAQLP

exports[`Check diplay of missions and rockets on profile Check if Missions are rended 1`] = `
Object {
  "asFragment": [Function],
  "baseElement": <body>
    <div>
      <div
        class="profile-container"
      >
        <div
          class="rockets-container"
        >
          <h2>
            My Rockets
          </h2>
          <p
            class="no-rockets"
          >
            No Rockets reserved...
          </p>
          <ul
            style="margin-top: 10px;"
          />
        </div>
        <div
          class="mission-container"
        >
          <h2>
            My Missions
          </h2>
          <ul
            style="margin-top: 10px;"
          >
            <p
              class="no-mission"
            >
              No Mission joined...
            </p>
          </ul>
        </div>
      </div>
    </div>
  </body>,
  "container": <div>
    <div
      class="profile-container"
    >
      <div
        class="rockets-container"
      >
        <h2>
          My Rockets
        </h2>
        <p
          class="no-rockets"
        >
          No Rockets reserved...
        </p>
        <ul
          style="margin-top: 10px;"
        />
      </div>
      <div
        class="mission-container"
      >
        <h2>
          My Missions
        </h2>
        <ul
          style="margin-top: 10px;"
        >
          <p
            class="no-mission"
          >
            No Mission joined...
          </p>
        </ul>
      </div>
    </div>
  </div>,
  "debug": [Function],
  "findAllByAltText": [Function],
  "findAllByDisplayValue": [Function],
  "findAllByLabelText": [Function],
  "findAllByPlaceholderText": [Function],
  "findAllByRole": [Function],
  "findAllByTestId": [Function],
  "findAllByText": [Function],
  "findAllByTitle": [Function],
  "findByAltText": [Function],
  "findByDisplayValue": [Function],
  "findByLabelText": [Function],
  "findByPlaceholderText": [Function],
  "findByRole": [Function],
  "findByTestId": [Function],
  "findByText": [Function],
  "findByTitle": [Function],
  "getAllByAltText": [Function],
  "getAllByDisplayValue": [Function],
  "getAllByLabelText": [Function],
  "getAllByPlaceholderText": [Function],
  "getAllByRole": [Function],
  "getAllByTestId": [Function],
  "getAllByText": [Function],
  "getAllByTitle": [Function],
  "getByAltText": [Function],
  "getByDisplayValue": [Function],
  "getByLabelText": [Function],
  "getByPlaceholderText": [Function],
  "getByRole": [Function],
  "getByTestId": [Function],
  "getByText": [Function],
  "getByTitle": [Function],
  "queryAllByAltText": [Function],
  "queryAllByDisplayValue": [Function],
  "queryAllByLabelText": [Function],
  "queryAllByPlaceholderText": [Function],
  "queryAllByRole": [Function],
  "queryAllByTestId": [Function],
  "queryAllByText": [Function],
  "queryAllByTitle": [Function],
  "queryByAltText": [Function],
  "queryByDisplayValue": [Function],
  "queryByLabelText": [Function],
  "queryByPlaceholderText": [Function],
  "queryByRole": [Function],
  "queryByTestId": [Function],
  "queryByText": [Function],
  "queryByTitle": [Function],
  "rerender": [Function],
  "unmount": [Function],
}
`;

exports[`Check diplay of missions and rockets on profile Check if rockets are rended 1`] = `
Object {
  "asFragment": [Function],
  "baseElement": <body>
    <div>
      <div
        class="profile-container"
      >
        <div
          class="rockets-container"
        >
          <h2>
            My Rockets
          </h2>
          <p
            class="no-rockets"
          >
            No Rockets reserved...
          </p>
          <ul
            style="margin-top: 10px;"
          />
        </div>
        <div
          class="mission-container"
        >
          <h2>
            My Missions
          </h2>
          <ul
            style="margin-top: 10px;"
          >
            <p
              class="no-mission"
            >
              No Mission joined...
            </p>
          </ul>
        </div>
      </div>
    </div>
  </body>,
  "container": <div>
    <div
      class="profile-container"
    >
      <div
        class="rockets-container"
      >
        <h2>
          My Rockets
        </h2>
        <p
          class="no-rockets"
        >
          No Rockets reserved...
        </p>
        <ul
          style="margin-top: 10px;"
        />
      </div>
      <div
        class="mission-container"
      >
        <h2>
          My Missions
        </h2>
        <ul
          style="margin-top: 10px;"
        >
          <p
            class="no-mission"
          >
            No Mission joined...
          </p>
        </ul>
      </div>
    </div>
  </div>,
  "debug": [Function],
  "findAllByAltText": [Function],
  "findAllByDisplayValue": [Function],
  "findAllByLabelText": [Function],
  "findAllByPlaceholderText": [Function],
  "findAllByRole": [Function],
  "findAllByTestId": [Function],
  "findAllByText": [Function],
  "findAllByTitle": [Function],
  "findByAltText": [Function],
  "findByDisplayValue": [Function],
  "findByLabelText": [Function],
  "findByPlaceholderText": [Function],
  "findByRole": [Function],
  "findByTestId": [Function],
  "findByText": [Function],
  "findByTitle": [Function],
  "getAllByAltText": [Function],
  "getAllByDisplayValue": [Function],
  "getAllByLabelText": [Function],
  "getAllByPlaceholderText": [Function],
  "getAllByRole": [Function],
  "getAllByTestId": [Function],
  "getAllByText": [Function],
  "getAllByTitle": [Function],
  "getByAltText": [Function],
  "getByDisplayValue": [Function],
  "getByLabelText": [Function],
  "getByPlaceholderText": [Function],
  "getByRole": [Function],
  "getByTestId": [Function],
  "getByText": [Function],
  "getByTitle": [Function],
  "queryAllByAltText": [Function],
  "queryAllByDisplayValue": [Function],
  "queryAllByLabelText": [Function],
  "queryAllByPlaceholderText": [Function],
  "queryAllByRole": [Function],
  "queryAllByTestId": [Function],
  "queryAllByText": [Function],
  "queryAllByTitle": [Function],
  "queryByAltText": [Function],
  "queryByDisplayValue": [Function],
  "queryByLabelText": [Function],
  "queryByPlaceholderText": [Function],
  "queryByRole": [Function],
  "queryByTestId": [Function],
  "queryByText": [Function],
  "queryByTitle": [Function],
  "rerender": [Function],
  "unmount": [Function],
}
`;
